[0/1] Planning build
Building for debugging...
[0/2] Write swift-version--1BA0962812E73E12.txt
Build complete! (0.55s)
Test Suite 'All tests' started at 2026-09-20 09:25:43.814
Test Suite 'debug.xctest' started at 2026-09-20 09:25:43.825
Test Suite 'DepthCoreTests' started at 2026-09-20 09:25:43.825
Test Case 'DepthCoreTests.testApertureLimitsAndRoundTrip' started at 2026-09-20 09:25:43.825
Test Case 'DepthCoreTests.testApertureLimitsAndRoundTrip' passed (0.005 seconds)
Test Case 'DepthCoreTests.testBlurDecreasesAsFNumberIncreases' started at 2026-09-20 09:25:43.831
Test Case 'DepthCoreTests.testBlurDecreasesAsFNumberIncreases' passed (0.001 seconds)
Test Case 'DepthCoreTests.testConstantDepthDoesNotInventAnArtificialGradient' started at 2026-09-20 09:25:43.832
Test Case 'DepthCoreTests.testConstantDepthDoesNotInventAnArtificialGradient' passed (0.003 seconds)
Test Case 'DepthCoreTests.testDepthNormalizationRejectsInvalidData' started at 2026-09-20 09:25:43.835
Test Case 'DepthCoreTests.testDepthNormalizationRejectsInvalidData' passed (0.001 seconds)
Test Case 'DepthCoreTests.testDepthRowsAndCornersHaveTopLeftOrigin' started at 2026-09-20 09:25:43.836
Test Case 'DepthCoreTests.testDepthRowsAndCornersHaveTopLeftOrigin' passed (0.0 seconds)
Test Case 'DepthCoreTests.testExportSizingNeverUpscales' started at 2026-09-20 09:25:43.836
Test Case 'DepthCoreTests.testExportSizingNeverUpscales' passed (0.101 seconds)
Test Case 'DepthCoreTests.testFocusSamplesNeighborhoodMedianRatherThanSingleOutlier' started at 2026-09-20 09:25:43.937
Test Case 'DepthCoreTests.testFocusSamplesNeighborhoodMedianRatherThanSingleOutlier' passed (0.0 seconds)
Test Case 'DepthCoreTests.testInvalidDimensionsAreRejected' started at 2026-09-20 09:25:43.937
Test Case 'DepthCoreTests.testInvalidDimensionsAreRejected' passed (0.0 seconds)
Test Case 'DepthCoreTests.testRecipeRoundTripAndSanitization' started at 2026-09-20 09:25:43.938
Test Case 'DepthCoreTests.testRecipeRoundTripAndSanitization' passed (0.006 seconds)
Test Case 'DepthCoreTests.testSameDepthHasSameBlurRegardlessOfSpatialDistance' started at 2026-09-20 09:25:43.944
Test Case 'DepthCoreTests.testSameDepthHasSameBlurRegardlessOfSpatialDistance' passed (0.001 seconds)
Test Case 'DepthCoreTests.testSquareCropMapsBackToOriginalDepth' started at 2026-09-20 09:25:43.945
Test Case 'DepthCoreTests.testSquareCropMapsBackToOriginalDepth' passed (0.0 seconds)
Test Case 'DepthCoreTests.testTapOutsideAspectFitImageIsIgnored' started at 2026-09-20 09:25:43.945
Test Case 'DepthCoreTests.testTapOutsideAspectFitImageIsIgnored' passed (0.0 seconds)
Test Suite 'DepthCoreTests' passed at 2026-09-20 09:25:43.945
	 Executed 12 tests, with 0 failures (0 unexpected) in 0.119 (0.119) seconds
Test Suite 'DraftStoreTests' started at 2026-09-20 09:25:43.945
Test Case 'DraftStoreTests.testCorruptAnalysisIsRecoverableWithoutLosingOriginalAndEdits' started at 2026-09-20 09:25:43.945
[Draft] 已保存原图 + 原生分析缓存 + v2 编辑参数
[Draft] 分析缓存不可用，将根据原图重新识别：The operation could not be completed. The data isn’t in the correct format.
Test Case 'DraftStoreTests.testCorruptAnalysisIsRecoverableWithoutLosingOriginalAndEdits' passed (0.011 seconds)
Test Case 'DraftStoreTests.testEmptyStoreHasNoDraft' started at 2026-09-20 09:25:43.956
Test Case 'DraftStoreTests.testEmptyStoreHasNoDraft' passed (0.001 seconds)
Test Case 'DraftStoreTests.testLegacyAIDepthIsDiscardedNotMislabeledAsNative' started at 2026-09-20 09:25:43.957
[Draft] 迁移旧版草稿：保留原图和参数，不复用旧外部模型的深度缓存
Test Case 'DraftStoreTests.testLegacyAIDepthIsDiscardedNotMislabeledAsNative' passed (0.002 seconds)
Test Case 'DraftStoreTests.testNewSnapshotCleansOnlyOwnUUIDDirectories' started at 2026-09-20 09:25:43.958
[Draft] 已保存原图 + 原生分析缓存 + v2 编辑参数
[Draft] 已保存原图 + 原生分析缓存 + v2 编辑参数
Test Case 'DraftStoreTests.testNewSnapshotCleansOnlyOwnUUIDDirectories' passed (0.003 seconds)
Test Case 'DraftStoreTests.testPointerCannotEscapeDraftDirectory' started at 2026-09-20 09:25:43.961
Test Case 'DraftStoreTests.testPointerCannotEscapeDraftDirectory' passed (0.001 seconds)
Test Case 'DraftStoreTests.testPreviousCompleteDraftSurvivesRejectedSave' started at 2026-09-20 09:25:43.962
[Draft] 已保存原图 + 原生分析缓存 + v2 编辑参数
Test Case 'DraftStoreTests.testPreviousCompleteDraftSurvivesRejectedSave' passed (0.003 seconds)
Test Case 'DraftStoreTests.testV2RoundTripStoresTypedAnalysisAndRecipe' started at 2026-09-20 09:25:43.965
[Draft] 已保存原图 + 原生分析缓存 + v2 编辑参数
Test Case 'DraftStoreTests.testV2RoundTripStoresTypedAnalysisAndRecipe' passed (0.002 seconds)
Test Suite 'DraftStoreTests' passed at 2026-09-20 09:25:43.966
	 Executed 7 tests, with 0 failures (0 unexpected) in 0.021 (0.021) seconds
Test Suite 'SubjectMaskTests' started at 2026-09-20 09:25:43.967
Test Case 'SubjectMaskTests.testApertureDoesNotChangeSelectionMask' started at 2026-09-20 09:25:43.967
Test Case 'SubjectMaskTests.testApertureDoesNotChangeSelectionMask' passed (0.001 seconds)
Test Case 'SubjectMaskTests.testBackgroundSelectsInverseOfAllSubjects' started at 2026-09-20 09:25:43.968
Test Case 'SubjectMaskTests.testBackgroundSelectsInverseOfAllSubjects' passed (0.001 seconds)
Test Case 'SubjectMaskTests.testBiggerLocalRadiusPreservesMoreArea' started at 2026-09-20 09:25:43.969
Test Case 'SubjectMaskTests.testBiggerLocalRadiusPreservesMoreArea' passed (0.002 seconds)
Test Case 'SubjectMaskTests.testExplicitLocalModeOverridesDetectedSubjects' started at 2026-09-20 09:25:43.971
Test Case 'SubjectMaskTests.testExplicitLocalModeOverridesDetectedSubjects' passed (0.009 seconds)
Test Case 'SubjectMaskTests.testFutureRecipeVersionIsRejected' started at 2026-09-20 09:25:43.980
Test Case 'SubjectMaskTests.testFutureRecipeVersionIsRejected' passed (0.0 seconds)
Test Case 'SubjectMaskTests.testHitTestKeepsTopLeftOriginAndClampsBorders' started at 2026-09-20 09:25:43.980
Test Case 'SubjectMaskTests.testHitTestKeepsTopLeftOriginAndClampsBorders' passed (0.0 seconds)
Test Case 'SubjectMaskTests.testInvalidMaskDimensionsAndByteCountAreRejected' started at 2026-09-20 09:25:43.981
Test Case 'SubjectMaskTests.testInvalidMaskDimensionsAndByteCountAreRejected' passed (0.101 seconds)
Test Case 'SubjectMaskTests.testLegacyRecipeRetainsEditsAndAddsNewDefaults' started at 2026-09-20 09:25:44.081
Test Case 'SubjectMaskTests.testLegacyRecipeRetainsEditsAndAddsNewDefaults' passed (0.0 seconds)
Test Case 'SubjectMaskTests.testLocalFallbackIsCircularInImagePixelsNotStretched' started at 2026-09-20 09:25:44.082
Test Case 'SubjectMaskTests.testLocalFallbackIsCircularInImagePixelsNotStretched' passed (0.002 seconds)
Test Case 'SubjectMaskTests.testMaskDecoderValidatesDimensions' started at 2026-09-20 09:25:44.084
Test Case 'SubjectMaskTests.testMaskDecoderValidatesDimensions' passed (0.001 seconds)
Test Case 'SubjectMaskTests.testRecipeSanitizesNewValues' started at 2026-09-20 09:25:44.085
Test Case 'SubjectMaskTests.testRecipeSanitizesNewValues' passed (0.0 seconds)
Test Case 'SubjectMaskTests.testSelectedSubjectStaysSharpRegardlessOfLabelOrdering' started at 2026-09-20 09:25:44.085
Test Case 'SubjectMaskTests.testSelectedSubjectStaysSharpRegardlessOfLabelOrdering' passed (0.001 seconds)
Test Case 'SubjectMaskTests.testSoftMaskValuesAreRetained' started at 2026-09-20 09:25:44.086
Test Case 'SubjectMaskTests.testSoftMaskValuesAreRetained' passed (0.0 seconds)
Test Case 'SubjectMaskTests.testSubjectMaskBuilderDoesNotConvertLabelsIntoDepth' started at 2026-09-20 09:25:44.087
Test Case 'SubjectMaskTests.testSubjectMaskBuilderDoesNotConvertLabelsIntoDepth' passed (0.0 seconds)
Test Case 'SubjectMaskTests.testTypedAnalysisRoundTripsWithoutInventingDepth' started at 2026-09-20 09:25:44.087
Test Case 'SubjectMaskTests.testTypedAnalysisRoundTripsWithoutInventingDepth' passed (0.002 seconds)
Test Case 'SubjectMaskTests.testUnknownOrDuplicateSubjectIDsAreRejected' started at 2026-09-20 09:25:44.089
Test Case 'SubjectMaskTests.testUnknownOrDuplicateSubjectIDsAreRejected' passed (0.101 seconds)
Test Suite 'SubjectMaskTests' passed at 2026-09-20 09:25:44.189
	 Executed 16 tests, with 0 failures (0 unexpected) in 0.223 (0.223) seconds
Test Suite 'debug.xctest' passed at 2026-09-20 09:25:44.189
	 Executed 35 tests, with 0 failures (0 unexpected) in 0.363 (0.363) seconds
Test Suite 'All tests' passed at 2026-09-20 09:25:44.190
	 Executed 35 tests, with 0 failures (0 unexpected) in 0.363 (0.363) seconds
◇ Test run started.
↳ Testing Library Version: 6.2.1 (c9d57c83568b06d)
↳ Target Platform: x86_64-unknown-linux-gnu
✔ Test run with 0 tests in 0 suites passed after 0.001 seconds.
