Building for debugging...
[0/2] Write swift-version--1BA0962812E73E12.txt
Build complete! (0.08s)
Test Suite 'All tests' started at 2026-09-20 10:27:50.686
Test Suite 'debug.xctest' started at 2026-09-20 10:27:50.687
Test Suite 'DepthCoreTests' started at 2026-09-20 10:27:50.687
Test Case 'DepthCoreTests.testApertureLimitsAndRoundTrip' started at 2026-09-20 10:27:50.687
Test Case 'DepthCoreTests.testApertureLimitsAndRoundTrip' passed (0.001 seconds)
Test Case 'DepthCoreTests.testBlurDecreasesAsFNumberIncreases' started at 2026-09-20 10:27:50.688
Test Case 'DepthCoreTests.testBlurDecreasesAsFNumberIncreases' passed (0.0 seconds)
Test Case 'DepthCoreTests.testConstantDepthDoesNotInventAnArtificialGradient' started at 2026-09-20 10:27:50.688
Test Case 'DepthCoreTests.testConstantDepthDoesNotInventAnArtificialGradient' passed (0.0 seconds)
Test Case 'DepthCoreTests.testDepthNormalizationRejectsInvalidData' started at 2026-09-20 10:27:50.689
Test Case 'DepthCoreTests.testDepthNormalizationRejectsInvalidData' passed (0.0 seconds)
Test Case 'DepthCoreTests.testDepthRowsAndCornersHaveTopLeftOrigin' started at 2026-09-20 10:27:50.689
Test Case 'DepthCoreTests.testDepthRowsAndCornersHaveTopLeftOrigin' passed (0.0 seconds)
Test Case 'DepthCoreTests.testExportSizingNeverUpscales' started at 2026-09-20 10:27:50.689
Test Case 'DepthCoreTests.testExportSizingNeverUpscales' passed (0.0 seconds)
Test Case 'DepthCoreTests.testFocusSamplesNeighborhoodMedianRatherThanSingleOutlier' started at 2026-09-20 10:27:50.689
Test Case 'DepthCoreTests.testFocusSamplesNeighborhoodMedianRatherThanSingleOutlier' passed (0.0 seconds)
Test Case 'DepthCoreTests.testInvalidDimensionsAreRejected' started at 2026-09-20 10:27:50.689
Test Case 'DepthCoreTests.testInvalidDimensionsAreRejected' passed (0.0 seconds)
Test Case 'DepthCoreTests.testRecipeRoundTripAndSanitization' started at 2026-09-20 10:27:50.689
Test Case 'DepthCoreTests.testRecipeRoundTripAndSanitization' passed (0.001 seconds)
Test Case 'DepthCoreTests.testSameDepthHasSameBlurRegardlessOfSpatialDistance' started at 2026-09-20 10:27:50.690
Test Case 'DepthCoreTests.testSameDepthHasSameBlurRegardlessOfSpatialDistance' passed (0.0 seconds)
Test Case 'DepthCoreTests.testSquareCropMapsBackToOriginalDepth' started at 2026-09-20 10:27:50.690
Test Case 'DepthCoreTests.testSquareCropMapsBackToOriginalDepth' passed (0.0 seconds)
Test Case 'DepthCoreTests.testTapOutsideAspectFitImageIsIgnored' started at 2026-09-20 10:27:50.690
Test Case 'DepthCoreTests.testTapOutsideAspectFitImageIsIgnored' passed (0.0 seconds)
Test Suite 'DepthCoreTests' passed at 2026-09-20 10:27:50.690
	 Executed 12 tests, with 0 failures (0 unexpected) in 0.003 (0.003) seconds
Test Suite 'DraftStoreTests' started at 2026-09-20 10:27:50.690
Test Case 'DraftStoreTests.testCorruptAnalysisIsRecoverableWithoutLosingOriginalAndEdits' started at 2026-09-20 10:27:50.690
[Draft] 已保存原图 + 带类型的景深分层/原生深度 + v3 编辑参数
[Draft] 分析缓存不可用，将根据原图重新识别：The operation could not be completed. The data isn’t in the correct format.
Test Case 'DraftStoreTests.testCorruptAnalysisIsRecoverableWithoutLosingOriginalAndEdits' passed (0.002 seconds)
Test Case 'DraftStoreTests.testCurrentDraftRoundTripStoresTypedAnalysisAndRecipe' started at 2026-09-20 10:27:50.693
[Draft] 已保存原图 + 带类型的景深分层/原生深度 + v3 编辑参数
Test Case 'DraftStoreTests.testCurrentDraftRoundTripStoresTypedAnalysisAndRecipe' passed (0.001 seconds)
Test Case 'DraftStoreTests.testEmptyStoreHasNoDraft' started at 2026-09-20 10:27:50.694
Test Case 'DraftStoreTests.testEmptyStoreHasNoDraft' passed (0.0 seconds)
Test Case 'DraftStoreTests.testLegacyAIDepthIsDiscardedNotMislabeledAsNative' started at 2026-09-20 10:27:50.694
[Draft] 迁移旧版草稿：保留原图和参数，不复用旧外部模型的深度缓存
Test Case 'DraftStoreTests.testLegacyAIDepthIsDiscardedNotMislabeledAsNative' passed (0.001 seconds)
Test Case 'DraftStoreTests.testNewSnapshotCleansOnlyOwnUUIDDirectories' started at 2026-09-20 10:27:50.695
[Draft] 已保存原图 + 带类型的景深分层/原生深度 + v3 编辑参数
[Draft] 已保存原图 + 带类型的景深分层/原生深度 + v3 编辑参数
Test Case 'DraftStoreTests.testNewSnapshotCleansOnlyOwnUUIDDirectories' passed (0.003 seconds)
Test Case 'DraftStoreTests.testPointerCannotEscapeDraftDirectory' started at 2026-09-20 10:27:50.697
Test Case 'DraftStoreTests.testPointerCannotEscapeDraftDirectory' passed (0.0 seconds)
Test Case 'DraftStoreTests.testPreviousCompleteDraftSurvivesRejectedSave' started at 2026-09-20 10:27:50.698
[Draft] 已保存原图 + 带类型的景深分层/原生深度 + v3 编辑参数
Test Case 'DraftStoreTests.testPreviousCompleteDraftSurvivesRejectedSave' passed (0.001 seconds)
Test Case 'DraftStoreTests.testV3DraftPersistsEditedLayersUnknownAndFocusTogether' started at 2026-09-20 10:27:50.699
[Draft] 已保存原图 + 带类型的景深分层/原生深度 + v3 编辑参数
Test Case 'DraftStoreTests.testV3DraftPersistsEditedLayersUnknownAndFocusTogether' passed (0.001 seconds)
Test Suite 'DraftStoreTests' passed at 2026-09-20 10:27:50.700
	 Executed 8 tests, with 0 failures (0 unexpected) in 0.009 (0.009) seconds
Test Suite 'LayerRegressionTests' started at 2026-09-20 10:27:50.700
Test Case 'LayerRegressionTests.testUnassignedPixelsAreNotAssumedToBeFarBackground' started at 2026-09-20 10:27:50.700
Test Case 'LayerRegressionTests.testUnassignedPixelsAreNotAssumedToBeFarBackground' passed (0.0 seconds)
Test Suite 'LayerRegressionTests' passed at 2026-09-20 10:27:50.700
	 Executed 1 test, with 0 failures (0 unexpected) in 0.0 (0.0) seconds
Test Suite 'ReferenceSceneTests' started at 2026-09-20 10:27:50.700
Test Case 'ReferenceSceneTests.testBottleMonitorToyAndTableShareNearLayer' started at 2026-09-20 10:27:50.700
Test Case 'ReferenceSceneTests.testBottleMonitorToyAndTableShareNearLayer' passed (0.111 seconds)
Test Case 'ReferenceSceneTests.testCabinetCheckerboardAndFloorAreFarLayer' started at 2026-09-20 10:27:50.812
Test Case 'ReferenceSceneTests.testCabinetCheckerboardAndFloorAreFarLayer' passed (0.109 seconds)
Test Case 'ReferenceSceneTests.testFarFocusBlursAllNearObjectsNotJustDisplay' started at 2026-09-20 10:27:50.921
Test Case 'ReferenceSceneTests.testFarFocusBlursAllNearObjectsNotJustDisplay' passed (0.27 seconds)
Test Case 'ReferenceSceneTests.testFixtureIsDeclaredHumanAnnotatedNotAutomatic' started at 2026-09-20 10:27:51.191
Test Case 'ReferenceSceneTests.testFixtureIsDeclaredHumanAnnotatedNotAutomatic' passed (0.112 seconds)
Test Case 'ReferenceSceneTests.testNativeAndLayeredMasksUseDifferentExplicitSources' started at 2026-09-20 10:27:51.303
Test Case 'ReferenceSceneTests.testNativeAndLayeredMasksUseDifferentExplicitSources' passed (0.007 seconds)
Test Case 'ReferenceSceneTests.testNearFocusMatchesRequestedGrouping' started at 2026-09-20 10:27:51.310
Test Case 'ReferenceSceneTests.testNearFocusMatchesRequestedGrouping' passed (0.289 seconds)
Test Case 'ReferenceSceneTests.testReferenceMasksRemainSameInPreviewAndExportCoordinates' started at 2026-09-20 10:27:51.599
Test Case 'ReferenceSceneTests.testReferenceMasksRemainSameInPreviewAndExportCoordinates' passed (0.137 seconds)
Test Suite 'ReferenceSceneTests' passed at 2026-09-20 10:27:51.735
	 Executed 7 tests, with 0 failures (0 unexpected) in 1.035 (1.035) seconds
Test Suite 'SceneLayerTests' started at 2026-09-20 10:27:51.735
Test Case 'SceneLayerTests.testAllObjectsOnTheSelectedLayerStaySharp' started at 2026-09-20 10:27:51.735
Test Case 'SceneLayerTests.testAllObjectsOnTheSelectedLayerStaySharp' passed (0.0 seconds)
Test Case 'SceneLayerTests.testAssigningMaskUsesTopLeftNormalizedCoordinatesAtDifferentResolution' started at 2026-09-20 10:27:51.736
Test Case 'SceneLayerTests.testAssigningMaskUsesTopLeftNormalizedCoordinatesAtDifferentResolution' passed (0.0 seconds)
Test Case 'SceneLayerTests.testBrushInterpolatesFullStrokeAndCanEraseToUnknown' started at 2026-09-20 10:27:51.736
Test Case 'SceneLayerTests.testBrushInterpolatesFullStrokeAndCanEraseToUnknown' passed (0.001 seconds)
Test Case 'SceneLayerTests.testBrushRadiusUsesShortEdgeInsteadOfDistortingPortrait' started at 2026-09-20 10:27:51.736
Test Case 'SceneLayerTests.testBrushRadiusUsesShortEdgeInsteadOfDistortingPortrait' passed (0.001 seconds)
Test Case 'SceneLayerTests.testCropInverseMapsFocusToSameSceneLayer' started at 2026-09-20 10:27:51.737
Test Case 'SceneLayerTests.testCropInverseMapsFocusToSameSceneLayer' passed (0.0 seconds)
Test Case 'SceneLayerTests.testEveryPixelOnFocusedLayerHasZeroBlurForAllLayerChoices' started at 2026-09-20 10:27:51.737
Test Case 'SceneLayerTests.testEveryPixelOnFocusedLayerHasZeroBlurForAllLayerChoices' passed (0.002 seconds)
Test Case 'SceneLayerTests.testExplicitFillUnknownDoesNotOverwriteAlreadyAssignedSubjects' started at 2026-09-20 10:27:51.740
Test Case 'SceneLayerTests.testExplicitFillUnknownDoesNotOverwriteAlreadyAssignedSubjects' passed (0.0 seconds)
Test Case 'SceneLayerTests.testFarFocusBlursAllNearObjectsTogether' started at 2026-09-20 10:27:51.740
Test Case 'SceneLayerTests.testFarFocusBlursAllNearObjectsTogether' passed (0.0 seconds)
Test Case 'SceneLayerTests.testInvalidLayerValuesAreRejectedRatherThanUsedAsDistances' started at 2026-09-20 10:27:51.740
Test Case 'SceneLayerTests.testInvalidLayerValuesAreRejectedRatherThanUsedAsDistances' passed (0.0 seconds)
Test Case 'SceneLayerTests.testMiddleFocusDoesNotBecomeBackgroundInverse' started at 2026-09-20 10:27:51.740
Test Case 'SceneLayerTests.testMiddleFocusDoesNotBecomeBackgroundInverse' passed (0.1 seconds)
Test Case 'SceneLayerTests.testPolygonMarksMissedTransparentObjectWithoutVision' started at 2026-09-20 10:27:51.840
Test Case 'SceneLayerTests.testPolygonMarksMissedTransparentObjectWithoutVision' passed (0.0 seconds)
Test Case 'SceneLayerTests.testReassignmentChangesLayerOfAllFutureFocusMasks' started at 2026-09-20 10:27:51.841
Test Case 'SceneLayerTests.testReassignmentChangesLayerOfAllFutureFocusMasks' passed (0.1 seconds)
Test Case 'SceneLayerTests.testSceneRoundTripRetainsUnknownAndProvenance' started at 2026-09-20 10:27:51.941
Test Case 'SceneLayerTests.testSceneRoundTripRetainsUnknownAndProvenance' passed (0.0 seconds)
Test Case 'SceneLayerTests.testUndoRedoAndNewBranchAreBoundedAndDeterministic' started at 2026-09-20 10:27:51.941
Test Case 'SceneLayerTests.testUndoRedoAndNewBranchAreBoundedAndDeterministic' passed (0.0 seconds)
Test Case 'SceneLayerTests.testUnknownPixelsAreNotFarAndAreProtected' started at 2026-09-20 10:27:51.942
Test Case 'SceneLayerTests.testUnknownPixelsAreNotFarAndAreProtected' passed (0.0 seconds)
Test Case 'SceneLayerTests.testVisionIDsDoNotOrderOrAssignDepth' started at 2026-09-20 10:27:51.942
Test Case 'SceneLayerTests.testVisionIDsDoNotOrderOrAssignDepth' passed (0.0 seconds)
Test Suite 'SceneLayerTests' passed at 2026-09-20 10:27:51.942
	 Executed 16 tests, with 0 failures (0 unexpected) in 0.207 (0.207) seconds
Test Suite 'SubjectMaskTests' started at 2026-09-20 10:27:51.942
Test Case 'SubjectMaskTests.testApertureDoesNotChangeSelectionMask' started at 2026-09-20 10:27:51.942
Test Case 'SubjectMaskTests.testApertureDoesNotChangeSelectionMask' passed (0.0 seconds)
Test Case 'SubjectMaskTests.testBackgroundDoesNotReturnAnInverseSelection' started at 2026-09-20 10:27:51.942
Test Case 'SubjectMaskTests.testBackgroundDoesNotReturnAnInverseSelection' passed (0.0 seconds)
Test Case 'SubjectMaskTests.testBiggerLocalRadiusPreservesMoreArea' started at 2026-09-20 10:27:51.942
Test Case 'SubjectMaskTests.testBiggerLocalRadiusPreservesMoreArea' passed (0.001 seconds)
Test Case 'SubjectMaskTests.testCoverageSelectionDoesNotAssumeLabelOrderingIsDepth' started at 2026-09-20 10:27:51.944
Test Case 'SubjectMaskTests.testCoverageSelectionDoesNotAssumeLabelOrderingIsDepth' passed (0.0 seconds)
Test Case 'SubjectMaskTests.testExplicitLocalModeOverridesDetectedSubjects' started at 2026-09-20 10:27:51.944
Test Case 'SubjectMaskTests.testExplicitLocalModeOverridesDetectedSubjects' passed (0.006 seconds)
Test Case 'SubjectMaskTests.testFutureRecipeVersionIsRejected' started at 2026-09-20 10:27:51.950
Test Case 'SubjectMaskTests.testFutureRecipeVersionIsRejected' passed (0.0 seconds)
Test Case 'SubjectMaskTests.testHitTestKeepsTopLeftOriginAndClampsBorders' started at 2026-09-20 10:27:51.950
Test Case 'SubjectMaskTests.testHitTestKeepsTopLeftOriginAndClampsBorders' passed (0.0 seconds)
Test Case 'SubjectMaskTests.testInvalidMaskDimensionsAndByteCountAreRejected' started at 2026-09-20 10:27:51.950
Test Case 'SubjectMaskTests.testInvalidMaskDimensionsAndByteCountAreRejected' passed (0.0 seconds)
Test Case 'SubjectMaskTests.testLegacyRecipeRetainsEditsAndAddsNewDefaults' started at 2026-09-20 10:27:51.950
Test Case 'SubjectMaskTests.testLegacyRecipeRetainsEditsAndAddsNewDefaults' passed (0.0 seconds)
Test Case 'SubjectMaskTests.testLocalFallbackIsCircularInImagePixelsNotStretched' started at 2026-09-20 10:27:51.950
Test Case 'SubjectMaskTests.testLocalFallbackIsCircularInImagePixelsNotStretched' passed (0.102 seconds)
Test Case 'SubjectMaskTests.testMaskDecoderValidatesDimensions' started at 2026-09-20 10:27:52.052
Test Case 'SubjectMaskTests.testMaskDecoderValidatesDimensions' passed (0.0 seconds)
Test Case 'SubjectMaskTests.testRecipeSanitizesNewValues' started at 2026-09-20 10:27:52.052
Test Case 'SubjectMaskTests.testRecipeSanitizesNewValues' passed (0.0 seconds)
Test Case 'SubjectMaskTests.testSoftMaskValuesAreRetained' started at 2026-09-20 10:27:52.053
Test Case 'SubjectMaskTests.testSoftMaskValuesAreRetained' passed (0.0 seconds)
Test Case 'SubjectMaskTests.testSubjectMaskBuilderDoesNotConvertLabelsIntoDepth' started at 2026-09-20 10:27:52.053
Test Case 'SubjectMaskTests.testSubjectMaskBuilderDoesNotConvertLabelsIntoDepth' passed (0.0 seconds)
Test Case 'SubjectMaskTests.testTypedAnalysisRoundTripsWithoutInventingDepth' started at 2026-09-20 10:27:52.053
Test Case 'SubjectMaskTests.testTypedAnalysisRoundTripsWithoutInventingDepth' passed (0.001 seconds)
Test Case 'SubjectMaskTests.testUnknownOrDuplicateSubjectIDsAreRejected' started at 2026-09-20 10:27:52.054
Test Case 'SubjectMaskTests.testUnknownOrDuplicateSubjectIDsAreRejected' passed (0.0 seconds)
Test Suite 'SubjectMaskTests' passed at 2026-09-20 10:27:52.054
	 Executed 16 tests, with 0 failures (0 unexpected) in 0.111 (0.111) seconds
Test Suite 'debug.xctest' passed at 2026-09-20 10:27:52.054
	 Executed 60 tests, with 0 failures (0 unexpected) in 1.366 (1.366) seconds
Test Suite 'All tests' passed at 2026-09-20 10:27:52.054
	 Executed 60 tests, with 0 failures (0 unexpected) in 1.366 (1.366) seconds
◇ Test run started.
↳ Testing Library Version: 6.2.1 (c9d57c83568b06d)
↳ Target Platform: x86_64-unknown-linux-gnu
✔ Test run with 0 tests in 0 suites passed after 0.001 seconds.
