[0/1] Planning build
Building for debugging...
[0/13] Write sources
[2/13] Write swift-version--1BA0962812E73E12.txt
[3/13] Wrapping AST for DepthCore for debugging
[4/13] /mnt/data/v4_work/PGYDepthDemo_OfflineDepth_v4/.build/x86_64-unknown-linux-gnu/debug/DepthCorePackageDiscoveredTests.derived/all-discovered-tests.swift
[5/13] Write sources
[6/13] Wrapping AST for DepthCoreTests for debugging
[8/16] Compiling DepthCorePackageDiscoveredTests DepthCoreTests.swift
[9/16] Compiling DepthCorePackageDiscoveredTests all-discovered-tests.swift
[10/16] Emitting module DepthCorePackageDiscoveredTests
[11/17] /mnt/data/v4_work/PGYDepthDemo_OfflineDepth_v4/.build/x86_64-unknown-linux-gnu/debug/DepthCorePackageTests.derived/runner.swift
[12/17] Write sources
[13/17] Wrapping AST for DepthCorePackageDiscoveredTests for debugging
[15/19] Compiling DepthCorePackageTests runner.swift
[16/19] Emitting module DepthCorePackageTests
[17/20] Wrapping AST for DepthCorePackageTests for debugging
[18/20] Write Objects.LinkFileList
[19/20] Linking DepthCorePackageTests.xctest
Build complete! (7.14s)
Test Suite 'All tests' started at 2026-09-20 11:25:33.190
Test Suite 'debug.xctest' started at 2026-09-20 11:25:33.217
Test Suite 'DepthCoreTests' started at 2026-09-20 11:25:33.217
Test Case 'DepthCoreTests.testApertureLimitsAndRoundTrip' started at 2026-09-20 11:25:33.217
Test Case 'DepthCoreTests.testApertureLimitsAndRoundTrip' passed (0.009 seconds)
Test Case 'DepthCoreTests.testBlurDecreasesAsFNumberIncreases' started at 2026-09-20 11:25:33.226
Test Case 'DepthCoreTests.testBlurDecreasesAsFNumberIncreases' passed (0.001 seconds)
Test Case 'DepthCoreTests.testConstantDepthDoesNotInventAnArtificialGradient' started at 2026-09-20 11:25:33.226
Test Case 'DepthCoreTests.testConstantDepthDoesNotInventAnArtificialGradient' passed (0.003 seconds)
Test Case 'DepthCoreTests.testDepthNormalizationRejectsInvalidData' started at 2026-09-20 11:25:33.230
Test Case 'DepthCoreTests.testDepthNormalizationRejectsInvalidData' passed (0.001 seconds)
Test Case 'DepthCoreTests.testDepthRowsAndCornersHaveTopLeftOrigin' started at 2026-09-20 11:25:33.230
Test Case 'DepthCoreTests.testDepthRowsAndCornersHaveTopLeftOrigin' passed (0.0 seconds)
Test Case 'DepthCoreTests.testExportSizingNeverUpscales' started at 2026-09-20 11:25:33.231
Test Case 'DepthCoreTests.testExportSizingNeverUpscales' passed (0.0 seconds)
Test Case 'DepthCoreTests.testFocusSamplesNeighborhoodMedianRatherThanSingleOutlier' started at 2026-09-20 11:25:33.231
Test Case 'DepthCoreTests.testFocusSamplesNeighborhoodMedianRatherThanSingleOutlier' passed (0.0 seconds)
Test Case 'DepthCoreTests.testInvalidDimensionsAreRejected' started at 2026-09-20 11:25:33.231
Test Case 'DepthCoreTests.testInvalidDimensionsAreRejected' passed (0.0 seconds)
Test Case 'DepthCoreTests.testRecipeRoundTripAndSanitization' started at 2026-09-20 11:25:33.231
Test Case 'DepthCoreTests.testRecipeRoundTripAndSanitization' passed (0.006 seconds)
Test Case 'DepthCoreTests.testSameDepthHasSameBlurRegardlessOfSpatialDistance' started at 2026-09-20 11:25:33.237
Test Case 'DepthCoreTests.testSameDepthHasSameBlurRegardlessOfSpatialDistance' passed (0.001 seconds)
Test Case 'DepthCoreTests.testSquareCropMapsBackToOriginalDepth' started at 2026-09-20 11:25:33.238
Test Case 'DepthCoreTests.testSquareCropMapsBackToOriginalDepth' passed (0.0 seconds)
Test Case 'DepthCoreTests.testTapOutsideAspectFitImageIsIgnored' started at 2026-09-20 11:25:33.238
Test Case 'DepthCoreTests.testTapOutsideAspectFitImageIsIgnored' passed (0.0 seconds)
Test Suite 'DepthCoreTests' passed at 2026-09-20 11:25:33.239
	 Executed 12 tests, with 0 failures (0 unexpected) in 0.022 (0.022) seconds
Test Suite 'DraftStoreTests' started at 2026-09-20 11:25:33.239
Test Case 'DraftStoreTests.testCorruptAnalysisIsRecoverableWithoutLosingOriginalAndEdits' started at 2026-09-20 11:25:33.239
[Draft] 已保存原图 + 带类型的景深分层/原生深度 + v3 编辑参数
[Draft] 分析缓存不可用，将根据原图重新识别：The operation could not be completed. The data isn’t in the correct format.
Test Case 'DraftStoreTests.testCorruptAnalysisIsRecoverableWithoutLosingOriginalAndEdits' passed (0.015 seconds)
Test Case 'DraftStoreTests.testCurrentDraftRoundTripStoresTypedAnalysisAndRecipe' started at 2026-09-20 11:25:33.254
[Draft] 已保存原图 + 带类型的景深分层/原生深度 + v3 编辑参数
Test Case 'DraftStoreTests.testCurrentDraftRoundTripStoresTypedAnalysisAndRecipe' passed (0.007 seconds)
Test Case 'DraftStoreTests.testEmptyStoreHasNoDraft' started at 2026-09-20 11:25:33.260
Test Case 'DraftStoreTests.testEmptyStoreHasNoDraft' passed (0.001 seconds)
Test Case 'DraftStoreTests.testLegacyAIDepthIsDiscardedNotMislabeledAsNative' started at 2026-09-20 11:25:33.261
[Draft] 迁移旧版草稿：保留原图和参数，不复用旧外部模型的深度缓存
Test Case 'DraftStoreTests.testLegacyAIDepthIsDiscardedNotMislabeledAsNative' passed (0.002 seconds)
Test Case 'DraftStoreTests.testNewSnapshotCleansOnlyOwnUUIDDirectories' started at 2026-09-20 11:25:33.263
[Draft] 已保存原图 + 带类型的景深分层/原生深度 + v3 编辑参数
[Draft] 已保存原图 + 带类型的景深分层/原生深度 + v3 编辑参数
Test Case 'DraftStoreTests.testNewSnapshotCleansOnlyOwnUUIDDirectories' passed (0.003 seconds)
Test Case 'DraftStoreTests.testPointerCannotEscapeDraftDirectory' started at 2026-09-20 11:25:33.266
Test Case 'DraftStoreTests.testPointerCannotEscapeDraftDirectory' passed (0.001 seconds)
Test Case 'DraftStoreTests.testPreviousCompleteDraftSurvivesRejectedSave' started at 2026-09-20 11:25:33.267
[Draft] 已保存原图 + 带类型的景深分层/原生深度 + v3 编辑参数
Test Case 'DraftStoreTests.testPreviousCompleteDraftSurvivesRejectedSave' passed (0.002 seconds)
Test Case 'DraftStoreTests.testV3DraftPersistsEditedLayersUnknownAndFocusTogether' started at 2026-09-20 11:25:33.269
[Draft] 已保存原图 + 带类型的景深分层/原生深度 + v3 编辑参数
Test Case 'DraftStoreTests.testV3DraftPersistsEditedLayersUnknownAndFocusTogether' passed (0.003 seconds)
Test Suite 'DraftStoreTests' passed at 2026-09-20 11:25:33.273
	 Executed 8 tests, with 0 failures (0 unexpected) in 0.034 (0.034) seconds
Test Suite 'LayerRegressionTests' started at 2026-09-20 11:25:33.273
Test Case 'LayerRegressionTests.testUnassignedPixelsAreNotAssumedToBeFarBackground' started at 2026-09-20 11:25:33.273
Test Case 'LayerRegressionTests.testUnassignedPixelsAreNotAssumedToBeFarBackground' passed (0.001 seconds)
Test Suite 'LayerRegressionTests' passed at 2026-09-20 11:25:33.273
	 Executed 1 test, with 0 failures (0 unexpected) in 0.001 (0.001) seconds
Test Suite 'ReferenceSceneTests' started at 2026-09-20 11:25:33.273
Test Case 'ReferenceSceneTests.testBottleMonitorToyAndTableShareNearLayer' started at 2026-09-20 11:25:33.273
Test Case 'ReferenceSceneTests.testBottleMonitorToyAndTableShareNearLayer' passed (0.213 seconds)
Test Case 'ReferenceSceneTests.testCabinetCheckerboardAndFloorAreFarLayer' started at 2026-09-20 11:25:33.486
Test Case 'ReferenceSceneTests.testCabinetCheckerboardAndFloorAreFarLayer' passed (0.227 seconds)
Test Case 'ReferenceSceneTests.testFarFocusBlursAllNearObjectsNotJustDisplay' started at 2026-09-20 11:25:33.714
Test Case 'ReferenceSceneTests.testFarFocusBlursAllNearObjectsNotJustDisplay' passed (0.538 seconds)
Test Case 'ReferenceSceneTests.testFixtureIsDeclaredHumanAnnotatedNotAutomatic' started at 2026-09-20 11:25:34.252
Test Case 'ReferenceSceneTests.testFixtureIsDeclaredHumanAnnotatedNotAutomatic' passed (0.204 seconds)
Test Case 'ReferenceSceneTests.testNativeAndLayeredMasksUseDifferentExplicitSources' started at 2026-09-20 11:25:34.456
Test Case 'ReferenceSceneTests.testNativeAndLayeredMasksUseDifferentExplicitSources' passed (0.01 seconds)
Test Case 'ReferenceSceneTests.testNearFocusMatchesRequestedGrouping' started at 2026-09-20 11:25:34.466
Test Case 'ReferenceSceneTests.testNearFocusMatchesRequestedGrouping' passed (0.589 seconds)
Test Case 'ReferenceSceneTests.testReferenceMasksRemainSameInPreviewAndExportCoordinates' started at 2026-09-20 11:25:35.055
Test Case 'ReferenceSceneTests.testReferenceMasksRemainSameInPreviewAndExportCoordinates' passed (0.247 seconds)
Test Suite 'ReferenceSceneTests' passed at 2026-09-20 11:25:35.302
	 Executed 7 tests, with 0 failures (0 unexpected) in 2.028 (2.028) seconds
Test Suite 'SceneLayerTests' started at 2026-09-20 11:25:35.302
Test Case 'SceneLayerTests.testAllObjectsOnTheSelectedLayerStaySharp' started at 2026-09-20 11:25:35.302
Test Case 'SceneLayerTests.testAllObjectsOnTheSelectedLayerStaySharp' passed (0.0 seconds)
Test Case 'SceneLayerTests.testAssigningMaskUsesTopLeftNormalizedCoordinatesAtDifferentResolution' started at 2026-09-20 11:25:35.303
Test Case 'SceneLayerTests.testAssigningMaskUsesTopLeftNormalizedCoordinatesAtDifferentResolution' passed (0.0 seconds)
Test Case 'SceneLayerTests.testBrushInterpolatesFullStrokeAndCanEraseToUnknown' started at 2026-09-20 11:25:35.303
Test Case 'SceneLayerTests.testBrushInterpolatesFullStrokeAndCanEraseToUnknown' passed (0.002 seconds)
Test Case 'SceneLayerTests.testBrushRadiusUsesShortEdgeInsteadOfDistortingPortrait' started at 2026-09-20 11:25:35.304
Test Case 'SceneLayerTests.testBrushRadiusUsesShortEdgeInsteadOfDistortingPortrait' passed (0.001 seconds)
Test Case 'SceneLayerTests.testCropInverseMapsFocusToSameSceneLayer' started at 2026-09-20 11:25:35.306
Test Case 'SceneLayerTests.testCropInverseMapsFocusToSameSceneLayer' passed (0.0 seconds)
Test Case 'SceneLayerTests.testEveryPixelOnFocusedLayerHasZeroBlurForAllLayerChoices' started at 2026-09-20 11:25:35.306
Test Case 'SceneLayerTests.testEveryPixelOnFocusedLayerHasZeroBlurForAllLayerChoices' passed (0.005 seconds)
Test Case 'SceneLayerTests.testExplicitFillUnknownDoesNotOverwriteAlreadyAssignedSubjects' started at 2026-09-20 11:25:35.312
Test Case 'SceneLayerTests.testExplicitFillUnknownDoesNotOverwriteAlreadyAssignedSubjects' passed (0.0 seconds)
Test Case 'SceneLayerTests.testFarFocusBlursAllNearObjectsTogether' started at 2026-09-20 11:25:35.312
Test Case 'SceneLayerTests.testFarFocusBlursAllNearObjectsTogether' passed (0.0 seconds)
Test Case 'SceneLayerTests.testInvalidLayerValuesAreRejectedRatherThanUsedAsDistances' started at 2026-09-20 11:25:35.312
Test Case 'SceneLayerTests.testInvalidLayerValuesAreRejectedRatherThanUsedAsDistances' passed (0.001 seconds)
Test Case 'SceneLayerTests.testMiddleFocusDoesNotBecomeBackgroundInverse' started at 2026-09-20 11:25:35.313
Test Case 'SceneLayerTests.testMiddleFocusDoesNotBecomeBackgroundInverse' passed (0.0 seconds)
Test Case 'SceneLayerTests.testPolygonMarksMissedTransparentObjectWithoutVision' started at 2026-09-20 11:25:35.313
Test Case 'SceneLayerTests.testPolygonMarksMissedTransparentObjectWithoutVision' passed (0.0 seconds)
Test Case 'SceneLayerTests.testReassignmentChangesLayerOfAllFutureFocusMasks' started at 2026-09-20 11:25:35.314
Test Case 'SceneLayerTests.testReassignmentChangesLayerOfAllFutureFocusMasks' passed (0.0 seconds)
Test Case 'SceneLayerTests.testSceneRoundTripRetainsUnknownAndProvenance' started at 2026-09-20 11:25:35.314
Test Case 'SceneLayerTests.testSceneRoundTripRetainsUnknownAndProvenance' passed (0.0 seconds)
Test Case 'SceneLayerTests.testUndoRedoAndNewBranchAreBoundedAndDeterministic' started at 2026-09-20 11:25:35.314
Test Case 'SceneLayerTests.testUndoRedoAndNewBranchAreBoundedAndDeterministic' passed (0.0 seconds)
Test Case 'SceneLayerTests.testUnknownPixelsAreNotFarAndAreProtected' started at 2026-09-20 11:25:35.315
Test Case 'SceneLayerTests.testUnknownPixelsAreNotFarAndAreProtected' passed (0.0 seconds)
Test Case 'SceneLayerTests.testVisionIDsDoNotOrderOrAssignDepth' started at 2026-09-20 11:25:35.315
Test Case 'SceneLayerTests.testVisionIDsDoNotOrderOrAssignDepth' passed (0.001 seconds)
Test Suite 'SceneLayerTests' passed at 2026-09-20 11:25:35.316
	 Executed 16 tests, with 0 failures (0 unexpected) in 0.013 (0.013) seconds
Test Suite 'SubjectMaskTests' started at 2026-09-20 11:25:35.316
Test Case 'SubjectMaskTests.testApertureDoesNotChangeSelectionMask' started at 2026-09-20 11:25:35.316
Test Case 'SubjectMaskTests.testApertureDoesNotChangeSelectionMask' passed (0.0 seconds)
Test Case 'SubjectMaskTests.testBackgroundDoesNotReturnAnInverseSelection' started at 2026-09-20 11:25:35.316
Test Case 'SubjectMaskTests.testBackgroundDoesNotReturnAnInverseSelection' passed (0.0 seconds)
Test Case 'SubjectMaskTests.testBiggerLocalRadiusPreservesMoreArea' started at 2026-09-20 11:25:35.317
Test Case 'SubjectMaskTests.testBiggerLocalRadiusPreservesMoreArea' passed (0.002 seconds)
Test Case 'SubjectMaskTests.testCoverageSelectionDoesNotAssumeLabelOrderingIsDepth' started at 2026-09-20 11:25:35.319
Test Case 'SubjectMaskTests.testCoverageSelectionDoesNotAssumeLabelOrderingIsDepth' passed (0.0 seconds)
Test Case 'SubjectMaskTests.testExplicitLocalModeOverridesDetectedSubjects' started at 2026-09-20 11:25:35.319
Test Case 'SubjectMaskTests.testExplicitLocalModeOverridesDetectedSubjects' passed (0.009 seconds)
Test Case 'SubjectMaskTests.testFutureRecipeVersionIsRejected' started at 2026-09-20 11:25:35.329
Test Case 'SubjectMaskTests.testFutureRecipeVersionIsRejected' passed (0.0 seconds)
Test Case 'SubjectMaskTests.testHitTestKeepsTopLeftOriginAndClampsBorders' started at 2026-09-20 11:25:35.329
Test Case 'SubjectMaskTests.testHitTestKeepsTopLeftOriginAndClampsBorders' passed (0.0 seconds)
Test Case 'SubjectMaskTests.testInvalidMaskDimensionsAndByteCountAreRejected' started at 2026-09-20 11:25:35.330
Test Case 'SubjectMaskTests.testInvalidMaskDimensionsAndByteCountAreRejected' passed (0.0 seconds)
Test Case 'SubjectMaskTests.testLegacyRecipeRetainsEditsAndAddsNewDefaults' started at 2026-09-20 11:25:35.330
Test Case 'SubjectMaskTests.testLegacyRecipeRetainsEditsAndAddsNewDefaults' passed (0.0 seconds)
Test Case 'SubjectMaskTests.testLocalFallbackIsCircularInImagePixelsNotStretched' started at 2026-09-20 11:25:35.330
Test Case 'SubjectMaskTests.testLocalFallbackIsCircularInImagePixelsNotStretched' passed (0.002 seconds)
Test Case 'SubjectMaskTests.testMaskDecoderValidatesDimensions' started at 2026-09-20 11:25:35.333
Test Case 'SubjectMaskTests.testMaskDecoderValidatesDimensions' passed (0.105 seconds)
Test Case 'SubjectMaskTests.testRecipeSanitizesNewValues' started at 2026-09-20 11:25:35.437
Test Case 'SubjectMaskTests.testRecipeSanitizesNewValues' passed (0.101 seconds)
Test Case 'SubjectMaskTests.testSoftMaskValuesAreRetained' started at 2026-09-20 11:25:35.538
Test Case 'SubjectMaskTests.testSoftMaskValuesAreRetained' passed (0.001 seconds)
Test Case 'SubjectMaskTests.testSubjectMaskBuilderDoesNotConvertLabelsIntoDepth' started at 2026-09-20 11:25:35.539
Test Case 'SubjectMaskTests.testSubjectMaskBuilderDoesNotConvertLabelsIntoDepth' passed (0.0 seconds)
Test Case 'SubjectMaskTests.testTypedAnalysisRoundTripsWithoutInventingDepth' started at 2026-09-20 11:25:35.539
Test Case 'SubjectMaskTests.testTypedAnalysisRoundTripsWithoutInventingDepth' passed (0.002 seconds)
Test Case 'SubjectMaskTests.testUnknownOrDuplicateSubjectIDsAreRejected' started at 2026-09-20 11:25:35.541
Test Case 'SubjectMaskTests.testUnknownOrDuplicateSubjectIDsAreRejected' passed (0.0 seconds)
Test Suite 'SubjectMaskTests' passed at 2026-09-20 11:25:35.541
	 Executed 16 tests, with 0 failures (0 unexpected) in 0.225 (0.225) seconds
Test Suite 'debug.xctest' passed at 2026-09-20 11:25:35.541
	 Executed 60 tests, with 0 failures (0 unexpected) in 2.322 (2.322) seconds
Test Suite 'All tests' passed at 2026-09-20 11:25:35.541
	 Executed 60 tests, with 0 failures (0 unexpected) in 2.322 (2.322) seconds
◇ Test run started.
↳ Testing Library Version: 6.2.1 (c9d57c83568b06d)
↳ Target Platform: x86_64-unknown-linux-gnu
✔ Test run with 0 tests in 0 suites passed after 0.002 seconds.
