Building for debugging...
[0/4] Write sources
[1/4] Write swift-version--1BA0962812E73E12.txt
[3/7] Compiling DepthCore InferredDepth.swift
[4/7] Emitting module DepthCore
[5/7] Compiling DepthCore DraftStore.swift
[6/8] Write Objects.LinkFileList
[7/8] Linking DepthCorePackageTests.xctest
Build complete! (3.84s)
Test Suite 'All tests' started at 2026-09-20 11:43:57.818
Test Suite 'debug.xctest' started at 2026-09-20 11:43:57.829
Test Suite 'AutomaticDepthReferenceTests' started at 2026-09-20 11:43:57.829
Test Case 'AutomaticDepthReferenceTests.testActualBottleFocusKeepsMonitorBottleAndToyClear' started at 2026-09-20 11:43:57.829
Test Case 'AutomaticDepthReferenceTests.testActualBottleFocusKeepsMonitorBottleAndToyClear' passed (0.605 seconds)
Test Case 'AutomaticDepthReferenceTests.testActualCabinetFocusBlursAllThreeNearObjects' started at 2026-09-20 11:43:58.434
Test Case 'AutomaticDepthReferenceTests.testActualCabinetFocusBlursAllThreeNearObjects' passed (0.569 seconds)
Test Case 'AutomaticDepthReferenceTests.testActualReferenceHasDenseFiniteNonConstantDepth' started at 2026-09-20 11:43:59.002
Test Case 'AutomaticDepthReferenceTests.testActualReferenceHasDenseFiniteNonConstantDepth' passed (0.629 seconds)
Test Case 'AutomaticDepthReferenceTests.testEveryReportedTapNowSamplesMeasuredModelOutput' started at 2026-09-20 11:43:59.631
[ReferenceCPU] actual original tap 1, depth=0.2730504
[ReferenceCPU] actual original tap 2, depth=0.22184008
[ReferenceCPU] actual original tap 3, depth=0.86045516
[ReferenceCPU] actual original tap 4, depth=0.84676397
[ReferenceCPU] actual original tap 5, depth=0.8525564
[ReferenceCPU] actual original tap 6, depth=0.22881733
[ReferenceCPU] actual original tap 7, depth=0.86730075
[ReferenceCPU] actual original tap 8, depth=0.8599286
Test Case 'AutomaticDepthReferenceTests.testEveryReportedTapNowSamplesMeasuredModelOutput' passed (0.512 seconds)
Test Suite 'AutomaticDepthReferenceTests' passed at 2026-09-20 11:44:00.144
	 Executed 4 tests, with 0 failures (0 unexpected) in 2.314 (2.314) seconds
Test Suite 'AutomaticDepthTests' started at 2026-09-20 11:44:00.144
Test Case 'AutomaticDepthTests.testAllPreviousEightTapCoordinatesHaveFiniteDepth' started at 2026-09-20 11:44:00.144
Test Case 'AutomaticDepthTests.testAllPreviousEightTapCoordinatesHaveFiniteDepth' passed (0.001 seconds)
Test Case 'AutomaticDepthTests.testConstantInferredCacheDoesNotPretendToHaveDepth' started at 2026-09-20 11:44:00.145
Test Case 'AutomaticDepthTests.testConstantInferredCacheDoesNotPretendToHaveDepth' passed (0.0 seconds)
Test Case 'AutomaticDepthTests.testDifferentDimensionsAndModelRevisionInvalidateCache' started at 2026-09-20 11:44:00.145
Test Case 'AutomaticDepthTests.testDifferentDimensionsAndModelRevisionInvalidateCache' passed (0.001 seconds)
Test Case 'AutomaticDepthTests.testDifferentPhotoSameDimensionsMustNotReuseDepth' started at 2026-09-20 11:44:00.146
Test Case 'AutomaticDepthTests.testDifferentPhotoSameDimensionsMustNotReuseDepth' passed (0.001 seconds)
Test Case 'AutomaticDepthTests.testRealDepthRangeKeepsSeparatedNearObjectsSharp' started at 2026-09-20 11:44:00.147
Test Case 'AutomaticDepthTests.testRealDepthRangeKeepsSeparatedNearObjectsSharp' passed (0.001 seconds)
Test Case 'AutomaticDepthTests.testSelectingFarDepthChangesMaskAndBlursAllNearObjects' started at 2026-09-20 11:44:00.148
Test Case 'AutomaticDepthTests.testSelectingFarDepthChangesMaskAndBlursAllNearObjects' passed (0.102 seconds)
Test Case 'AutomaticDepthTests.testTypedEstimatedDepthRoundTrip' started at 2026-09-20 11:44:00.250
Test Case 'AutomaticDepthTests.testTypedEstimatedDepthRoundTrip' passed (0.008 seconds)
Test Case 'AutomaticDepthTests.testV3BlankLayerCacheNeverSkipsInference' started at 2026-09-20 11:44:00.258
Test Case 'AutomaticDepthTests.testV3BlankLayerCacheNeverSkipsInference' passed (0.001 seconds)
Test Case 'AutomaticDepthTests.testV3RecipeMigratesFocusRangeButRetainsPhotoEdits' started at 2026-09-20 11:44:00.259
Test Case 'AutomaticDepthTests.testV3RecipeMigratesFocusRangeButRetainsPhotoEdits' passed (0.004 seconds)
Test Case 'AutomaticDepthTests.testV4RecipeRetainsExplicitNarrowRange' started at 2026-09-20 11:44:00.263
Test Case 'AutomaticDepthTests.testV4RecipeRetainsExplicitNarrowRange' passed (0.002 seconds)
Test Case 'AutomaticDepthTests.testValidInferenceCacheCanBeReused' started at 2026-09-20 11:44:00.264
Test Case 'AutomaticDepthTests.testValidInferenceCacheCanBeReused' passed (0.001 seconds)
Test Suite 'AutomaticDepthTests' passed at 2026-09-20 11:44:00.265
	 Executed 11 tests, with 0 failures (0 unexpected) in 0.121 (0.121) seconds
Test Suite 'DepthCoreTests' started at 2026-09-20 11:44:00.267
Test Case 'DepthCoreTests.testApertureLimitsAndRoundTrip' started at 2026-09-20 11:44:00.267
Test Case 'DepthCoreTests.testApertureLimitsAndRoundTrip' passed (0.001 seconds)
Test Case 'DepthCoreTests.testBlurDecreasesAsFNumberIncreases' started at 2026-09-20 11:44:00.268
Test Case 'DepthCoreTests.testBlurDecreasesAsFNumberIncreases' passed (0.001 seconds)
Test Case 'DepthCoreTests.testConstantDepthDoesNotInventAnArtificialGradient' started at 2026-09-20 11:44:00.268
Test Case 'DepthCoreTests.testConstantDepthDoesNotInventAnArtificialGradient' passed (0.001 seconds)
Test Case 'DepthCoreTests.testDepthNormalizationRejectsInvalidData' started at 2026-09-20 11:44:00.269
Test Case 'DepthCoreTests.testDepthNormalizationRejectsInvalidData' passed (0.001 seconds)
Test Case 'DepthCoreTests.testDepthRowsAndCornersHaveTopLeftOrigin' started at 2026-09-20 11:44:00.270
Test Case 'DepthCoreTests.testDepthRowsAndCornersHaveTopLeftOrigin' passed (0.0 seconds)
Test Case 'DepthCoreTests.testExportSizingNeverUpscales' started at 2026-09-20 11:44:00.270
Test Case 'DepthCoreTests.testExportSizingNeverUpscales' passed (0.0 seconds)
Test Case 'DepthCoreTests.testFocusSamplesNeighborhoodMedianRatherThanSingleOutlier' started at 2026-09-20 11:44:00.270
Test Case 'DepthCoreTests.testFocusSamplesNeighborhoodMedianRatherThanSingleOutlier' passed (0.0 seconds)
Test Case 'DepthCoreTests.testInvalidDimensionsAreRejected' started at 2026-09-20 11:44:00.271
Test Case 'DepthCoreTests.testInvalidDimensionsAreRejected' passed (0.0 seconds)
Test Case 'DepthCoreTests.testRecipeRoundTripAndSanitization' started at 2026-09-20 11:44:00.271
Test Case 'DepthCoreTests.testRecipeRoundTripAndSanitization' passed (0.0 seconds)
Test Case 'DepthCoreTests.testSameDepthHasSameBlurRegardlessOfSpatialDistance' started at 2026-09-20 11:44:00.271
Test Case 'DepthCoreTests.testSameDepthHasSameBlurRegardlessOfSpatialDistance' passed (0.0 seconds)
Test Case 'DepthCoreTests.testSquareCropMapsBackToOriginalDepth' started at 2026-09-20 11:44:00.272
Test Case 'DepthCoreTests.testSquareCropMapsBackToOriginalDepth' passed (0.0 seconds)
Test Case 'DepthCoreTests.testTapOutsideAspectFitImageIsIgnored' started at 2026-09-20 11:44:00.272
Test Case 'DepthCoreTests.testTapOutsideAspectFitImageIsIgnored' passed (0.0 seconds)
Test Suite 'DepthCoreTests' passed at 2026-09-20 11:44:00.272
	 Executed 12 tests, with 0 failures (0 unexpected) in 0.005 (0.005) seconds
Test Suite 'DraftStoreTests' started at 2026-09-20 11:44:00.272
Test Case 'DraftStoreTests.testCorruptAnalysisIsRecoverableWithoutLosingOriginalAndEdits' started at 2026-09-20 11:44:00.272
[Draft] v4 已保存原图及编辑参数；分析来源=局部虚化（非深度识别）
[Draft] 分析缓存不可用，将根据原图重新识别：The operation could not be completed. The data isn’t in the correct format.
Test Case 'DraftStoreTests.testCorruptAnalysisIsRecoverableWithoutLosingOriginalAndEdits' passed (0.017 seconds)
Test Case 'DraftStoreTests.testCurrentDraftRoundTripStoresTypedAnalysisAndRecipe' started at 2026-09-20 11:44:00.289
[Draft] v4 已保存原图及编辑参数；分析来源=局部虚化（非深度识别）
Test Case 'DraftStoreTests.testCurrentDraftRoundTripStoresTypedAnalysisAndRecipe' passed (0.002 seconds)
Test Case 'DraftStoreTests.testEmptyStoreHasNoDraft' started at 2026-09-20 11:44:00.292
Test Case 'DraftStoreTests.testEmptyStoreHasNoDraft' passed (0.001 seconds)
Test Case 'DraftStoreTests.testLegacyAIDepthIsDiscardedNotMislabeledAsNative' started at 2026-09-20 11:44:00.292
[Draft] 迁移旧版草稿：保留原图和参数，不复用旧外部模型的深度缓存
Test Case 'DraftStoreTests.testLegacyAIDepthIsDiscardedNotMislabeledAsNative' passed (0.002 seconds)
Test Case 'DraftStoreTests.testNewSnapshotCleansOnlyOwnUUIDDirectories' started at 2026-09-20 11:44:00.295
[Draft] v4 已保存原图及编辑参数；分析来源=局部虚化（非深度识别）
[Draft] v4 已保存原图及编辑参数；分析来源=局部虚化（非深度识别）
Test Case 'DraftStoreTests.testNewSnapshotCleansOnlyOwnUUIDDirectories' passed (0.004 seconds)
Test Case 'DraftStoreTests.testPointerCannotEscapeDraftDirectory' started at 2026-09-20 11:44:00.298
Test Case 'DraftStoreTests.testPointerCannotEscapeDraftDirectory' passed (0.001 seconds)
Test Case 'DraftStoreTests.testPreviousCompleteDraftSurvivesRejectedSave' started at 2026-09-20 11:44:00.300
[Draft] v4 已保存原图及编辑参数；分析来源=局部虚化（非深度识别）
Test Case 'DraftStoreTests.testPreviousCompleteDraftSurvivesRejectedSave' passed (0.002 seconds)
Test Case 'DraftStoreTests.testV3DraftPersistsEditedLayersUnknownAndFocusTogether' started at 2026-09-20 11:44:00.302
[Draft] v4 已保存原图及编辑参数；分析来源=用户校正分层
Test Case 'DraftStoreTests.testV3DraftPersistsEditedLayersUnknownAndFocusTogether' passed (0.007 seconds)
Test Suite 'DraftStoreTests' passed at 2026-09-20 11:44:00.309
	 Executed 8 tests, with 0 failures (0 unexpected) in 0.037 (0.037) seconds
Test Suite 'LayerRegressionTests' started at 2026-09-20 11:44:00.309
Test Case 'LayerRegressionTests.testUnassignedPixelsAreNotAssumedToBeFarBackground' started at 2026-09-20 11:44:00.309
Test Case 'LayerRegressionTests.testUnassignedPixelsAreNotAssumedToBeFarBackground' passed (0.001 seconds)
Test Suite 'LayerRegressionTests' passed at 2026-09-20 11:44:00.311
	 Executed 1 test, with 0 failures (0 unexpected) in 0.001 (0.001) seconds
Test Suite 'ReferenceSceneTests' started at 2026-09-20 11:44:00.311
Test Case 'ReferenceSceneTests.testBottleMonitorToyAndTableShareNearLayer' started at 2026-09-20 11:44:00.311
Test Case 'ReferenceSceneTests.testBottleMonitorToyAndTableShareNearLayer' passed (0.217 seconds)
Test Case 'ReferenceSceneTests.testCabinetCheckerboardAndFloorAreFarLayer' started at 2026-09-20 11:44:00.527
Test Case 'ReferenceSceneTests.testCabinetCheckerboardAndFloorAreFarLayer' passed (0.227 seconds)
Test Case 'ReferenceSceneTests.testFarFocusBlursAllNearObjectsNotJustDisplay' started at 2026-09-20 11:44:00.754
Test Case 'ReferenceSceneTests.testFarFocusBlursAllNearObjectsNotJustDisplay' passed (0.561 seconds)
Test Case 'ReferenceSceneTests.testFixtureIsDeclaredHumanAnnotatedNotAutomatic' started at 2026-09-20 11:44:01.315
Test Case 'ReferenceSceneTests.testFixtureIsDeclaredHumanAnnotatedNotAutomatic' passed (0.2 seconds)
Test Case 'ReferenceSceneTests.testNativeAndLayeredMasksUseDifferentExplicitSources' started at 2026-09-20 11:44:01.514
Test Case 'ReferenceSceneTests.testNativeAndLayeredMasksUseDifferentExplicitSources' passed (0.01 seconds)
Test Case 'ReferenceSceneTests.testNearFocusMatchesRequestedGrouping' started at 2026-09-20 11:44:01.525
Test Case 'ReferenceSceneTests.testNearFocusMatchesRequestedGrouping' passed (0.538 seconds)
Test Case 'ReferenceSceneTests.testReferenceMasksRemainSameInPreviewAndExportCoordinates' started at 2026-09-20 11:44:02.062
Test Case 'ReferenceSceneTests.testReferenceMasksRemainSameInPreviewAndExportCoordinates' passed (0.254 seconds)
Test Suite 'ReferenceSceneTests' passed at 2026-09-20 11:44:02.316
	 Executed 7 tests, with 0 failures (0 unexpected) in 2.005 (2.005) seconds
Test Suite 'SceneLayerTests' started at 2026-09-20 11:44:02.316
Test Case 'SceneLayerTests.testAllObjectsOnTheSelectedLayerStaySharp' started at 2026-09-20 11:44:02.316
Test Case 'SceneLayerTests.testAllObjectsOnTheSelectedLayerStaySharp' passed (0.0 seconds)
Test Case 'SceneLayerTests.testAssigningMaskUsesTopLeftNormalizedCoordinatesAtDifferentResolution' started at 2026-09-20 11:44:02.317
Test Case 'SceneLayerTests.testAssigningMaskUsesTopLeftNormalizedCoordinatesAtDifferentResolution' passed (0.0 seconds)
Test Case 'SceneLayerTests.testBrushInterpolatesFullStrokeAndCanEraseToUnknown' started at 2026-09-20 11:44:02.317
Test Case 'SceneLayerTests.testBrushInterpolatesFullStrokeAndCanEraseToUnknown' passed (0.002 seconds)
Test Case 'SceneLayerTests.testBrushRadiusUsesShortEdgeInsteadOfDistortingPortrait' started at 2026-09-20 11:44:02.319
Test Case 'SceneLayerTests.testBrushRadiusUsesShortEdgeInsteadOfDistortingPortrait' passed (0.001 seconds)
Test Case 'SceneLayerTests.testCropInverseMapsFocusToSameSceneLayer' started at 2026-09-20 11:44:02.320
Test Case 'SceneLayerTests.testCropInverseMapsFocusToSameSceneLayer' passed (0.0 seconds)
Test Case 'SceneLayerTests.testEveryPixelOnFocusedLayerHasZeroBlurForAllLayerChoices' started at 2026-09-20 11:44:02.321
Test Case 'SceneLayerTests.testEveryPixelOnFocusedLayerHasZeroBlurForAllLayerChoices' passed (0.005 seconds)
Test Case 'SceneLayerTests.testExplicitFillUnknownDoesNotOverwriteAlreadyAssignedSubjects' started at 2026-09-20 11:44:02.326
Test Case 'SceneLayerTests.testExplicitFillUnknownDoesNotOverwriteAlreadyAssignedSubjects' passed (0.001 seconds)
Test Case 'SceneLayerTests.testFarFocusBlursAllNearObjectsTogether' started at 2026-09-20 11:44:02.326
Test Case 'SceneLayerTests.testFarFocusBlursAllNearObjectsTogether' passed (0.0 seconds)
Test Case 'SceneLayerTests.testInvalidLayerValuesAreRejectedRatherThanUsedAsDistances' started at 2026-09-20 11:44:02.327
Test Case 'SceneLayerTests.testInvalidLayerValuesAreRejectedRatherThanUsedAsDistances' passed (0.001 seconds)
Test Case 'SceneLayerTests.testMiddleFocusDoesNotBecomeBackgroundInverse' started at 2026-09-20 11:44:02.327
Test Case 'SceneLayerTests.testMiddleFocusDoesNotBecomeBackgroundInverse' passed (0.0 seconds)
Test Case 'SceneLayerTests.testPolygonMarksMissedTransparentObjectWithoutVision' started at 2026-09-20 11:44:02.328
Test Case 'SceneLayerTests.testPolygonMarksMissedTransparentObjectWithoutVision' passed (0.0 seconds)
Test Case 'SceneLayerTests.testReassignmentChangesLayerOfAllFutureFocusMasks' started at 2026-09-20 11:44:02.328
Test Case 'SceneLayerTests.testReassignmentChangesLayerOfAllFutureFocusMasks' passed (0.001 seconds)
Test Case 'SceneLayerTests.testSceneRoundTripRetainsUnknownAndProvenance' started at 2026-09-20 11:44:02.329
Test Case 'SceneLayerTests.testSceneRoundTripRetainsUnknownAndProvenance' passed (0.001 seconds)
Test Case 'SceneLayerTests.testUndoRedoAndNewBranchAreBoundedAndDeterministic' started at 2026-09-20 11:44:02.329
Test Case 'SceneLayerTests.testUndoRedoAndNewBranchAreBoundedAndDeterministic' passed (0.001 seconds)
Test Case 'SceneLayerTests.testUnknownPixelsAreNotFarAndAreProtected' started at 2026-09-20 11:44:02.330
Test Case 'SceneLayerTests.testUnknownPixelsAreNotFarAndAreProtected' passed (0.0 seconds)
Test Case 'SceneLayerTests.testVisionIDsDoNotOrderOrAssignDepth' started at 2026-09-20 11:44:02.331
Test Case 'SceneLayerTests.testVisionIDsDoNotOrderOrAssignDepth' passed (0.001 seconds)
Test Suite 'SceneLayerTests' passed at 2026-09-20 11:44:02.331
	 Executed 16 tests, with 0 failures (0 unexpected) in 0.015 (0.015) seconds
Test Suite 'SubjectMaskTests' started at 2026-09-20 11:44:02.331
Test Case 'SubjectMaskTests.testApertureDoesNotChangeSelectionMask' started at 2026-09-20 11:44:02.331
Test Case 'SubjectMaskTests.testApertureDoesNotChangeSelectionMask' passed (0.0 seconds)
Test Case 'SubjectMaskTests.testBackgroundDoesNotReturnAnInverseSelection' started at 2026-09-20 11:44:02.332
Test Case 'SubjectMaskTests.testBackgroundDoesNotReturnAnInverseSelection' passed (0.0 seconds)
Test Case 'SubjectMaskTests.testBiggerLocalRadiusPreservesMoreArea' started at 2026-09-20 11:44:02.332
Test Case 'SubjectMaskTests.testBiggerLocalRadiusPreservesMoreArea' passed (0.003 seconds)
Test Case 'SubjectMaskTests.testCoverageSelectionDoesNotAssumeLabelOrderingIsDepth' started at 2026-09-20 11:44:02.335
Test Case 'SubjectMaskTests.testCoverageSelectionDoesNotAssumeLabelOrderingIsDepth' passed (0.0 seconds)
Test Case 'SubjectMaskTests.testExplicitLocalModeOverridesDetectedSubjects' started at 2026-09-20 11:44:02.335
Test Case 'SubjectMaskTests.testExplicitLocalModeOverridesDetectedSubjects' passed (0.01 seconds)
Test Case 'SubjectMaskTests.testFutureRecipeVersionIsRejected' started at 2026-09-20 11:44:02.345
Test Case 'SubjectMaskTests.testFutureRecipeVersionIsRejected' passed (0.002 seconds)
Test Case 'SubjectMaskTests.testHitTestKeepsTopLeftOriginAndClampsBorders' started at 2026-09-20 11:44:02.347
Test Case 'SubjectMaskTests.testHitTestKeepsTopLeftOriginAndClampsBorders' passed (0.001 seconds)
Test Case 'SubjectMaskTests.testInvalidMaskDimensionsAndByteCountAreRejected' started at 2026-09-20 11:44:02.347
Test Case 'SubjectMaskTests.testInvalidMaskDimensionsAndByteCountAreRejected' passed (0.0 seconds)
Test Case 'SubjectMaskTests.testLegacyRecipeRetainsEditsAndAddsNewDefaults' started at 2026-09-20 11:44:02.348
Test Case 'SubjectMaskTests.testLegacyRecipeRetainsEditsAndAddsNewDefaults' passed (0.0 seconds)
Test Case 'SubjectMaskTests.testLocalFallbackIsCircularInImagePixelsNotStretched' started at 2026-09-20 11:44:02.348
Test Case 'SubjectMaskTests.testLocalFallbackIsCircularInImagePixelsNotStretched' passed (0.002 seconds)
Test Case 'SubjectMaskTests.testMaskDecoderValidatesDimensions' started at 2026-09-20 11:44:02.351
Test Case 'SubjectMaskTests.testMaskDecoderValidatesDimensions' passed (0.0 seconds)
Test Case 'SubjectMaskTests.testRecipeSanitizesNewValues' started at 2026-09-20 11:44:02.351
Test Case 'SubjectMaskTests.testRecipeSanitizesNewValues' passed (0.0 seconds)
Test Case 'SubjectMaskTests.testSoftMaskValuesAreRetained' started at 2026-09-20 11:44:02.351
Test Case 'SubjectMaskTests.testSoftMaskValuesAreRetained' passed (0.0 seconds)
Test Case 'SubjectMaskTests.testSubjectMaskBuilderDoesNotConvertLabelsIntoDepth' started at 2026-09-20 11:44:02.352
Test Case 'SubjectMaskTests.testSubjectMaskBuilderDoesNotConvertLabelsIntoDepth' passed (0.0 seconds)
Test Case 'SubjectMaskTests.testTypedAnalysisRoundTripsWithoutInventingDepth' started at 2026-09-20 11:44:02.352
Test Case 'SubjectMaskTests.testTypedAnalysisRoundTripsWithoutInventingDepth' passed (0.002 seconds)
Test Case 'SubjectMaskTests.testUnknownOrDuplicateSubjectIDsAreRejected' started at 2026-09-20 11:44:02.353
Test Case 'SubjectMaskTests.testUnknownOrDuplicateSubjectIDsAreRejected' passed (0.0 seconds)
Test Suite 'SubjectMaskTests' passed at 2026-09-20 11:44:02.354
	 Executed 16 tests, with 0 failures (0 unexpected) in 0.022 (0.022) seconds
Test Suite 'debug.xctest' passed at 2026-09-20 11:44:02.354
	 Executed 75 tests, with 0 failures (0 unexpected) in 4.52 (4.52) seconds
Test Suite 'All tests' passed at 2026-09-20 11:44:02.354
	 Executed 75 tests, with 0 failures (0 unexpected) in 4.52 (4.52) seconds
◇ Test run started.
↳ Testing Library Version: 6.2.1 (c9d57c83568b06d)
↳ Target Platform: x86_64-unknown-linux-gnu
✔ Test run with 0 tests in 0 suites passed after 0.002 seconds.
