[0/1] Planning build
Building for debugging...
[0/11] Write sources
[2/11] Write swift-version--1BA0962812E73E12.txt
[4/15] Compiling DepthCore InferredDepth.swift
[5/15] Compiling DepthCore DraftStore.swift
[6/15] Compiling DepthCore EditRecipe.swift
[7/15] Emitting module DepthCore
[8/16] Compiling DepthCore SubjectMasks.swift
[9/17] Wrapping AST for DepthCore for debugging
[11/24] Compiling DepthCoreTests ReferenceSceneTests.swift
[12/24] Compiling DepthCoreTests SceneLayerTests.swift
[13/24] Emitting module DepthCoreTests
[14/24] Compiling DepthCoreTests DraftStoreTests.swift
[15/24] Compiling DepthCoreTests LayerRegressionTests.swift
[16/24] Compiling DepthCoreTests AutomaticDepthTests.swift
[17/24] Compiling DepthCoreTests DepthCoreTests.swift
[18/25] Compiling DepthCoreTests SubjectMaskTests.swift
[19/26] /mnt/data/v4_work/PGYDepthDemo_OfflineDepth_v4/.build/x86_64-unknown-linux-gnu/debug/DepthCorePackageDiscoveredTests.derived/all-discovered-tests.swift
[20/27] Write sources
[21/27] Wrapping AST for DepthCoreTests for debugging
[23/30] Emitting module DepthCorePackageDiscoveredTests
[24/30] Compiling DepthCorePackageDiscoveredTests DepthCoreTests.swift
[25/30] Compiling DepthCorePackageDiscoveredTests all-discovered-tests.swift
[26/31] /mnt/data/v4_work/PGYDepthDemo_OfflineDepth_v4/.build/x86_64-unknown-linux-gnu/debug/DepthCorePackageTests.derived/runner.swift
[27/32] Write sources
[28/32] Wrapping AST for DepthCorePackageDiscoveredTests for debugging
[30/34] Compiling DepthCorePackageTests runner.swift
[31/34] Emitting module DepthCorePackageTests
[32/34] Write Objects.LinkFileList
[33/34] Linking DepthCorePackageTests.xctest
Build complete! (14.81s)
Test Suite 'All tests' started at 2026-09-20 11:32:02.388
Test Suite 'debug.xctest' started at 2026-09-20 11:32:02.399
Test Suite 'AutomaticDepthTests' started at 2026-09-20 11:32:02.399
Test Case 'AutomaticDepthTests.testAllPreviousEightTapCoordinatesHaveFiniteDepth' started at 2026-09-20 11:32:02.399
Test Case 'AutomaticDepthTests.testAllPreviousEightTapCoordinatesHaveFiniteDepth' passed (0.009 seconds)
Test Case 'AutomaticDepthTests.testDifferentDimensionsAndModelRevisionInvalidateCache' started at 2026-09-20 11:32:02.409
Test Case 'AutomaticDepthTests.testDifferentDimensionsAndModelRevisionInvalidateCache' passed (0.001 seconds)
Test Case 'AutomaticDepthTests.testDifferentPhotoSameDimensionsMustNotReuseDepth' started at 2026-09-20 11:32:02.410
Test Case 'AutomaticDepthTests.testDifferentPhotoSameDimensionsMustNotReuseDepth' passed (0.001 seconds)
Test Case 'AutomaticDepthTests.testRealDepthRangeKeepsSeparatedNearObjectsSharp' started at 2026-09-20 11:32:02.411
Test Case 'AutomaticDepthTests.testRealDepthRangeKeepsSeparatedNearObjectsSharp' passed (0.002 seconds)
Test Case 'AutomaticDepthTests.testSelectingFarDepthChangesMaskAndBlursAllNearObjects' started at 2026-09-20 11:32:02.413
Test Case 'AutomaticDepthTests.testSelectingFarDepthChangesMaskAndBlursAllNearObjects' passed (0.001 seconds)
Test Case 'AutomaticDepthTests.testTypedEstimatedDepthRoundTrip' started at 2026-09-20 11:32:02.414
Test Case 'AutomaticDepthTests.testTypedEstimatedDepthRoundTrip' passed (0.01 seconds)
Test Case 'AutomaticDepthTests.testV3BlankLayerCacheNeverSkipsInference' started at 2026-09-20 11:32:02.425
Test Case 'AutomaticDepthTests.testV3BlankLayerCacheNeverSkipsInference' passed (0.001 seconds)
Test Case 'AutomaticDepthTests.testV3RecipeMigratesFocusRangeButRetainsPhotoEdits' started at 2026-09-20 11:32:02.425
Test Case 'AutomaticDepthTests.testV3RecipeMigratesFocusRangeButRetainsPhotoEdits' passed (0.004 seconds)
Test Case 'AutomaticDepthTests.testV4RecipeRetainsExplicitNarrowRange' started at 2026-09-20 11:32:02.429
Test Case 'AutomaticDepthTests.testV4RecipeRetainsExplicitNarrowRange' passed (0.004 seconds)
Test Case 'AutomaticDepthTests.testValidInferenceCacheCanBeReused' started at 2026-09-20 11:32:02.434
Test Case 'AutomaticDepthTests.testValidInferenceCacheCanBeReused' passed (0.001 seconds)
Test Suite 'AutomaticDepthTests' passed at 2026-09-20 11:32:02.435
	 Executed 10 tests, with 0 failures (0 unexpected) in 0.035 (0.035) seconds
Test Suite 'DepthCoreTests' started at 2026-09-20 11:32:02.435
Test Case 'DepthCoreTests.testApertureLimitsAndRoundTrip' started at 2026-09-20 11:32:02.435
Test Case 'DepthCoreTests.testApertureLimitsAndRoundTrip' passed (0.0 seconds)
Test Case 'DepthCoreTests.testBlurDecreasesAsFNumberIncreases' started at 2026-09-20 11:32:02.435
Test Case 'DepthCoreTests.testBlurDecreasesAsFNumberIncreases' passed (0.0 seconds)
Test Case 'DepthCoreTests.testConstantDepthDoesNotInventAnArtificialGradient' started at 2026-09-20 11:32:02.435
Test Case 'DepthCoreTests.testConstantDepthDoesNotInventAnArtificialGradient' passed (0.001 seconds)
Test Case 'DepthCoreTests.testDepthNormalizationRejectsInvalidData' started at 2026-09-20 11:32:02.436
Test Case 'DepthCoreTests.testDepthNormalizationRejectsInvalidData' passed (0.001 seconds)
Test Case 'DepthCoreTests.testDepthRowsAndCornersHaveTopLeftOrigin' started at 2026-09-20 11:32:02.437
Test Case 'DepthCoreTests.testDepthRowsAndCornersHaveTopLeftOrigin' passed (0.0 seconds)
Test Case 'DepthCoreTests.testExportSizingNeverUpscales' started at 2026-09-20 11:32:02.437
Test Case 'DepthCoreTests.testExportSizingNeverUpscales' passed (0.0 seconds)
Test Case 'DepthCoreTests.testFocusSamplesNeighborhoodMedianRatherThanSingleOutlier' started at 2026-09-20 11:32:02.438
Test Case 'DepthCoreTests.testFocusSamplesNeighborhoodMedianRatherThanSingleOutlier' passed (0.0 seconds)
Test Case 'DepthCoreTests.testInvalidDimensionsAreRejected' started at 2026-09-20 11:32:02.438
Test Case 'DepthCoreTests.testInvalidDimensionsAreRejected' passed (0.0 seconds)
Test Case 'DepthCoreTests.testRecipeRoundTripAndSanitization' started at 2026-09-20 11:32:02.438
Test Case 'DepthCoreTests.testRecipeRoundTripAndSanitization' passed (0.001 seconds)
Test Case 'DepthCoreTests.testSameDepthHasSameBlurRegardlessOfSpatialDistance' started at 2026-09-20 11:32:02.439
Test Case 'DepthCoreTests.testSameDepthHasSameBlurRegardlessOfSpatialDistance' passed (0.0 seconds)
Test Case 'DepthCoreTests.testSquareCropMapsBackToOriginalDepth' started at 2026-09-20 11:32:02.439
Test Case 'DepthCoreTests.testSquareCropMapsBackToOriginalDepth' passed (0.0 seconds)
Test Case 'DepthCoreTests.testTapOutsideAspectFitImageIsIgnored' started at 2026-09-20 11:32:02.440
Test Case 'DepthCoreTests.testTapOutsideAspectFitImageIsIgnored' passed (0.0 seconds)
Test Suite 'DepthCoreTests' passed at 2026-09-20 11:32:02.440
	 Executed 12 tests, with 0 failures (0 unexpected) in 0.005 (0.005) seconds
Test Suite 'DraftStoreTests' started at 2026-09-20 11:32:02.440
Test Case 'DraftStoreTests.testCorruptAnalysisIsRecoverableWithoutLosingOriginalAndEdits' started at 2026-09-20 11:32:02.440
[Draft] 已保存原图 + 带来源校验的自动深度/原生深度 + v4 编辑参数
[Draft] 分析缓存不可用，将根据原图重新识别：The operation could not be completed. The data isn’t in the correct format.
Test Case 'DraftStoreTests.testCorruptAnalysisIsRecoverableWithoutLosingOriginalAndEdits' passed (0.009 seconds)
Test Case 'DraftStoreTests.testCurrentDraftRoundTripStoresTypedAnalysisAndRecipe' started at 2026-09-20 11:32:02.449
[Draft] 已保存原图 + 带来源校验的自动深度/原生深度 + v4 编辑参数
Test Case 'DraftStoreTests.testCurrentDraftRoundTripStoresTypedAnalysisAndRecipe' passed (0.003 seconds)
Test Case 'DraftStoreTests.testEmptyStoreHasNoDraft' started at 2026-09-20 11:32:02.452
Test Case 'DraftStoreTests.testEmptyStoreHasNoDraft' passed (0.001 seconds)
Test Case 'DraftStoreTests.testLegacyAIDepthIsDiscardedNotMislabeledAsNative' started at 2026-09-20 11:32:02.453
[Draft] 迁移旧版草稿：保留原图和参数，不复用旧外部模型的深度缓存
Test Case 'DraftStoreTests.testLegacyAIDepthIsDiscardedNotMislabeledAsNative' passed (0.002 seconds)
Test Case 'DraftStoreTests.testNewSnapshotCleansOnlyOwnUUIDDirectories' started at 2026-09-20 11:32:02.455
[Draft] 已保存原图 + 带来源校验的自动深度/原生深度 + v4 编辑参数
[Draft] 已保存原图 + 带来源校验的自动深度/原生深度 + v4 编辑参数
Test Case 'DraftStoreTests.testNewSnapshotCleansOnlyOwnUUIDDirectories' passed (0.003 seconds)
Test Case 'DraftStoreTests.testPointerCannotEscapeDraftDirectory' started at 2026-09-20 11:32:02.458
Test Case 'DraftStoreTests.testPointerCannotEscapeDraftDirectory' passed (0.001 seconds)
Test Case 'DraftStoreTests.testPreviousCompleteDraftSurvivesRejectedSave' started at 2026-09-20 11:32:02.459
[Draft] 已保存原图 + 带来源校验的自动深度/原生深度 + v4 编辑参数
Test Case 'DraftStoreTests.testPreviousCompleteDraftSurvivesRejectedSave' passed (0.002 seconds)
Test Case 'DraftStoreTests.testV3DraftPersistsEditedLayersUnknownAndFocusTogether' started at 2026-09-20 11:32:02.461
[Draft] 已保存原图 + 带来源校验的自动深度/原生深度 + v4 编辑参数
Test Case 'DraftStoreTests.testV3DraftPersistsEditedLayersUnknownAndFocusTogether' passed (0.004 seconds)
Test Suite 'DraftStoreTests' passed at 2026-09-20 11:32:02.465
	 Executed 8 tests, with 0 failures (0 unexpected) in 0.025 (0.025) seconds
Test Suite 'LayerRegressionTests' started at 2026-09-20 11:32:02.465
Test Case 'LayerRegressionTests.testUnassignedPixelsAreNotAssumedToBeFarBackground' started at 2026-09-20 11:32:02.465
Test Case 'LayerRegressionTests.testUnassignedPixelsAreNotAssumedToBeFarBackground' passed (0.001 seconds)
Test Suite 'LayerRegressionTests' passed at 2026-09-20 11:32:02.466
	 Executed 1 test, with 0 failures (0 unexpected) in 0.001 (0.001) seconds
Test Suite 'ReferenceSceneTests' started at 2026-09-20 11:32:02.466
Test Case 'ReferenceSceneTests.testBottleMonitorToyAndTableShareNearLayer' started at 2026-09-20 11:32:02.466
Test Case 'ReferenceSceneTests.testBottleMonitorToyAndTableShareNearLayer' passed (0.265 seconds)
Test Case 'ReferenceSceneTests.testCabinetCheckerboardAndFloorAreFarLayer' started at 2026-09-20 11:32:02.731
Test Case 'ReferenceSceneTests.testCabinetCheckerboardAndFloorAreFarLayer' passed (0.251 seconds)
Test Case 'ReferenceSceneTests.testFarFocusBlursAllNearObjectsNotJustDisplay' started at 2026-09-20 11:32:02.982
Test Case 'ReferenceSceneTests.testFarFocusBlursAllNearObjectsNotJustDisplay' passed (0.624 seconds)
Test Case 'ReferenceSceneTests.testFixtureIsDeclaredHumanAnnotatedNotAutomatic' started at 2026-09-20 11:32:03.606
Test Case 'ReferenceSceneTests.testFixtureIsDeclaredHumanAnnotatedNotAutomatic' passed (0.212 seconds)
Test Case 'ReferenceSceneTests.testNativeAndLayeredMasksUseDifferentExplicitSources' started at 2026-09-20 11:32:03.818
Test Case 'ReferenceSceneTests.testNativeAndLayeredMasksUseDifferentExplicitSources' passed (0.012 seconds)
Test Case 'ReferenceSceneTests.testNearFocusMatchesRequestedGrouping' started at 2026-09-20 11:32:03.830
Test Case 'ReferenceSceneTests.testNearFocusMatchesRequestedGrouping' passed (0.616 seconds)
Test Case 'ReferenceSceneTests.testReferenceMasksRemainSameInPreviewAndExportCoordinates' started at 2026-09-20 11:32:04.446
Test Case 'ReferenceSceneTests.testReferenceMasksRemainSameInPreviewAndExportCoordinates' passed (0.293 seconds)
Test Suite 'ReferenceSceneTests' passed at 2026-09-20 11:32:04.739
	 Executed 7 tests, with 0 failures (0 unexpected) in 2.272 (2.272) seconds
Test Suite 'SceneLayerTests' started at 2026-09-20 11:32:04.739
Test Case 'SceneLayerTests.testAllObjectsOnTheSelectedLayerStaySharp' started at 2026-09-20 11:32:04.739
Test Case 'SceneLayerTests.testAllObjectsOnTheSelectedLayerStaySharp' passed (0.0 seconds)
Test Case 'SceneLayerTests.testAssigningMaskUsesTopLeftNormalizedCoordinatesAtDifferentResolution' started at 2026-09-20 11:32:04.739
Test Case 'SceneLayerTests.testAssigningMaskUsesTopLeftNormalizedCoordinatesAtDifferentResolution' passed (0.0 seconds)
Test Case 'SceneLayerTests.testBrushInterpolatesFullStrokeAndCanEraseToUnknown' started at 2026-09-20 11:32:04.740
Test Case 'SceneLayerTests.testBrushInterpolatesFullStrokeAndCanEraseToUnknown' passed (0.001 seconds)
Test Case 'SceneLayerTests.testBrushRadiusUsesShortEdgeInsteadOfDistortingPortrait' started at 2026-09-20 11:32:04.741
Test Case 'SceneLayerTests.testBrushRadiusUsesShortEdgeInsteadOfDistortingPortrait' passed (0.002 seconds)
Test Case 'SceneLayerTests.testCropInverseMapsFocusToSameSceneLayer' started at 2026-09-20 11:32:04.743
Test Case 'SceneLayerTests.testCropInverseMapsFocusToSameSceneLayer' passed (0.0 seconds)
Test Case 'SceneLayerTests.testEveryPixelOnFocusedLayerHasZeroBlurForAllLayerChoices' started at 2026-09-20 11:32:04.743
Test Case 'SceneLayerTests.testEveryPixelOnFocusedLayerHasZeroBlurForAllLayerChoices' passed (0.005 seconds)
Test Case 'SceneLayerTests.testExplicitFillUnknownDoesNotOverwriteAlreadyAssignedSubjects' started at 2026-09-20 11:32:04.748
Test Case 'SceneLayerTests.testExplicitFillUnknownDoesNotOverwriteAlreadyAssignedSubjects' passed (0.0 seconds)
Test Case 'SceneLayerTests.testFarFocusBlursAllNearObjectsTogether' started at 2026-09-20 11:32:04.748
Test Case 'SceneLayerTests.testFarFocusBlursAllNearObjectsTogether' passed (0.0 seconds)
Test Case 'SceneLayerTests.testInvalidLayerValuesAreRejectedRatherThanUsedAsDistances' started at 2026-09-20 11:32:04.748
Test Case 'SceneLayerTests.testInvalidLayerValuesAreRejectedRatherThanUsedAsDistances' passed (0.001 seconds)
Test Case 'SceneLayerTests.testMiddleFocusDoesNotBecomeBackgroundInverse' started at 2026-09-20 11:32:04.749
Test Case 'SceneLayerTests.testMiddleFocusDoesNotBecomeBackgroundInverse' passed (0.0 seconds)
Test Case 'SceneLayerTests.testPolygonMarksMissedTransparentObjectWithoutVision' started at 2026-09-20 11:32:04.749
Test Case 'SceneLayerTests.testPolygonMarksMissedTransparentObjectWithoutVision' passed (0.0 seconds)
Test Case 'SceneLayerTests.testReassignmentChangesLayerOfAllFutureFocusMasks' started at 2026-09-20 11:32:04.749
Test Case 'SceneLayerTests.testReassignmentChangesLayerOfAllFutureFocusMasks' passed (0.0 seconds)
Test Case 'SceneLayerTests.testSceneRoundTripRetainsUnknownAndProvenance' started at 2026-09-20 11:32:04.750
Test Case 'SceneLayerTests.testSceneRoundTripRetainsUnknownAndProvenance' passed (0.0 seconds)
Test Case 'SceneLayerTests.testUndoRedoAndNewBranchAreBoundedAndDeterministic' started at 2026-09-20 11:32:04.750
Test Case 'SceneLayerTests.testUndoRedoAndNewBranchAreBoundedAndDeterministic' passed (0.0 seconds)
Test Case 'SceneLayerTests.testUnknownPixelsAreNotFarAndAreProtected' started at 2026-09-20 11:32:04.750
Test Case 'SceneLayerTests.testUnknownPixelsAreNotFarAndAreProtected' passed (0.0 seconds)
Test Case 'SceneLayerTests.testVisionIDsDoNotOrderOrAssignDepth' started at 2026-09-20 11:32:04.750
Test Case 'SceneLayerTests.testVisionIDsDoNotOrderOrAssignDepth' passed (0.0 seconds)
Test Suite 'SceneLayerTests' passed at 2026-09-20 11:32:04.751
	 Executed 16 tests, with 0 failures (0 unexpected) in 0.011 (0.011) seconds
Test Suite 'SubjectMaskTests' started at 2026-09-20 11:32:04.751
Test Case 'SubjectMaskTests.testApertureDoesNotChangeSelectionMask' started at 2026-09-20 11:32:04.751
Test Case 'SubjectMaskTests.testApertureDoesNotChangeSelectionMask' passed (0.0 seconds)
Test Case 'SubjectMaskTests.testBackgroundDoesNotReturnAnInverseSelection' started at 2026-09-20 11:32:04.751
Test Case 'SubjectMaskTests.testBackgroundDoesNotReturnAnInverseSelection' passed (0.0 seconds)
Test Case 'SubjectMaskTests.testBiggerLocalRadiusPreservesMoreArea' started at 2026-09-20 11:32:04.751
Test Case 'SubjectMaskTests.testBiggerLocalRadiusPreservesMoreArea' passed (0.004 seconds)
Test Case 'SubjectMaskTests.testCoverageSelectionDoesNotAssumeLabelOrderingIsDepth' started at 2026-09-20 11:32:04.755
Test Case 'SubjectMaskTests.testCoverageSelectionDoesNotAssumeLabelOrderingIsDepth' passed (0.0 seconds)
Test Case 'SubjectMaskTests.testExplicitLocalModeOverridesDetectedSubjects' started at 2026-09-20 11:32:04.755
Test Case 'SubjectMaskTests.testExplicitLocalModeOverridesDetectedSubjects' passed (0.012 seconds)
Test Case 'SubjectMaskTests.testFutureRecipeVersionIsRejected' started at 2026-09-20 11:32:04.767
Test Case 'SubjectMaskTests.testFutureRecipeVersionIsRejected' passed (0.001 seconds)
Test Case 'SubjectMaskTests.testHitTestKeepsTopLeftOriginAndClampsBorders' started at 2026-09-20 11:32:04.768
Test Case 'SubjectMaskTests.testHitTestKeepsTopLeftOriginAndClampsBorders' passed (0.0 seconds)
Test Case 'SubjectMaskTests.testInvalidMaskDimensionsAndByteCountAreRejected' started at 2026-09-20 11:32:04.768
Test Case 'SubjectMaskTests.testInvalidMaskDimensionsAndByteCountAreRejected' passed (0.0 seconds)
Test Case 'SubjectMaskTests.testLegacyRecipeRetainsEditsAndAddsNewDefaults' started at 2026-09-20 11:32:04.768
Test Case 'SubjectMaskTests.testLegacyRecipeRetainsEditsAndAddsNewDefaults' passed (0.0 seconds)
Test Case 'SubjectMaskTests.testLocalFallbackIsCircularInImagePixelsNotStretched' started at 2026-09-20 11:32:04.768
Test Case 'SubjectMaskTests.testLocalFallbackIsCircularInImagePixelsNotStretched' passed (0.004 seconds)
Test Case 'SubjectMaskTests.testMaskDecoderValidatesDimensions' started at 2026-09-20 11:32:04.773
Test Case 'SubjectMaskTests.testMaskDecoderValidatesDimensions' passed (0.0 seconds)
Test Case 'SubjectMaskTests.testRecipeSanitizesNewValues' started at 2026-09-20 11:32:04.773
Test Case 'SubjectMaskTests.testRecipeSanitizesNewValues' passed (0.0 seconds)
Test Case 'SubjectMaskTests.testSoftMaskValuesAreRetained' started at 2026-09-20 11:32:04.773
Test Case 'SubjectMaskTests.testSoftMaskValuesAreRetained' passed (0.0 seconds)
Test Case 'SubjectMaskTests.testSubjectMaskBuilderDoesNotConvertLabelsIntoDepth' started at 2026-09-20 11:32:04.773
Test Case 'SubjectMaskTests.testSubjectMaskBuilderDoesNotConvertLabelsIntoDepth' passed (0.0 seconds)
Test Case 'SubjectMaskTests.testTypedAnalysisRoundTripsWithoutInventingDepth' started at 2026-09-20 11:32:04.773
Test Case 'SubjectMaskTests.testTypedAnalysisRoundTripsWithoutInventingDepth' passed (0.001 seconds)
Test Case 'SubjectMaskTests.testUnknownOrDuplicateSubjectIDsAreRejected' started at 2026-09-20 11:32:04.775
Test Case 'SubjectMaskTests.testUnknownOrDuplicateSubjectIDsAreRejected' passed (0.0 seconds)
Test Suite 'SubjectMaskTests' passed at 2026-09-20 11:32:04.775
	 Executed 16 tests, with 0 failures (0 unexpected) in 0.024 (0.024) seconds
Test Suite 'debug.xctest' passed at 2026-09-20 11:32:04.775
	 Executed 70 tests, with 0 failures (0 unexpected) in 2.373 (2.373) seconds
Test Suite 'All tests' passed at 2026-09-20 11:32:04.775
	 Executed 70 tests, with 0 failures (0 unexpected) in 2.373 (2.373) seconds
◇ Test run started.
↳ Testing Library Version: 6.2.1 (c9d57c83568b06d)
↳ Target Platform: x86_64-unknown-linux-gnu
✔ Test run with 0 tests in 0 suites passed after 0.002 seconds.
